
Number of lexical errors: 0

Number of syntax errors: 1
  #1: line 2:16 no viable alternative at input 'public Test5 MYSELF'
