
Number of lexical errors: 0

Number of syntax errors: 2
  #1: line 25:21 mismatched input 'test' expecting {';', RELOP, MULOP, '&&', '||', SIGN}
  #2: line 25:25 mismatched input ')' expecting '='
