
Number of lexical errors: 0

Number of syntax errors: 1
  #1: line 2:3 mismatched input 'Test5' expecting {'}', AMOD}
